// Jest Snapshot v1, https://goo.gl/fbAQLP

exports[`pruebas en CounterApp debe de ser igual al snapshot 1`] = `
<div>
  <h1>
    CounterApp
  </h1>
  <h2>
    20
  </h2>
  <button>
     +1 
  </button>
  <button>
     -1 
  </button>
  <button>
     Reset 
  </button>
</div>
`;
