// Jest Snapshot v1, https://goo.gl/fbAQLP

exports[`pruebas en GifItem  match con el snapshot 1`] = `undefined`;
